﻿[36mvite v6.4.3 [32mbuilding for production...[36m[39m
transforming...
[32mΓ£ô[39m 2 modules transformed.
node.exe : [31mΓ£ù[39m Build failed in 58ms
At line:1 char:1
+ & "C:\Program Files\nodejs/node.exe" "C:\Program Files\nodejs/node_mo ...
+ ~~~~~~~~~~~~~~~~~~~~~~~~~~~~~~~~~~~~~~~~~~~~~~~~~~~~~~~~~~~~~~~~~~~~~
    + CategoryInfo          : NotSpecified: ([31mΓ£ù[39m Build failed in 58ms:String) [], RemoteException
    + FullyQualifiedErrorId : NativeCommandError
 
[31merror during build:
[31m[vite]: Rollup failed to resolve import "@mui/material" from 
"C:/Users/CGCWIT/Desktop/project/frontend/src/main.tsx".
This is most likely unintended because it can break your application at runtime.
If you do want to externalize this module explicitly add it to
`build.rollupOptions.external`[31m
    at viteLog 
(file:///C:/Users/CGCWIT/Desktop/project/frontend/node_modules/vite/dist/node/chunks/dep-Dm0c1Wj2.js:46504:15)
    at file:///C:/Users/CGCWIT/Desktop/project/frontend/node_modules/vite/dist/node/chunks/dep-Dm0c1Wj2.js:46562:18
    at onwarn (file:///C:/Users/CGCWIT/Desktop/project/frontend/node_modules/@vitejs/plugin-react/dist/index.js:90:7)
    at file:///C:/Users/CGCWIT/Desktop/project/frontend/node_modules/vite/dist/node/chunks/dep-Dm0c1Wj2.js:46560:7
    at onRollupLog 
(file:///C:/Users/CGCWIT/Desktop/project/frontend/node_modules/vite/dist/node/chunks/dep-Dm0c1Wj2.js:46552:5)
    at onLog 
(file:///C:/Users/CGCWIT/Desktop/project/frontend/node_modules/vite/dist/node/chunks/dep-Dm0c1Wj2.js:46202:7)
    at file:///C:/Users/CGCWIT/Desktop/project/frontend/node_modules/rollup/dist/es/shared/node-entry.js:21438:32
    at Object.logger [as onLog] 
(file:///C:/Users/CGCWIT/Desktop/project/frontend/node_modules/rollup/dist/es/shared/node-entry.js:23424:9)
    at ModuleLoader.handleInvalidResolvedId 
(file:///C:/Users/CGCWIT/Desktop/project/frontend/node_modules/rollup/dist/es/shared/node-entry.js:22169:26)
    at file:///C:/Users/CGCWIT/Desktop/project/frontend/node_modules/rollup/dist/es/shared/node-entry.js:22127:26[39m
